// Jest Snapshot v1, https://goo.gl/fbAQLP

exports[`Cell renders without crashing 1`] = `ShallowWrapper {}`;
