// Jest Snapshot v1, https://goo.gl/fbAQLP

exports[`Game renders without crashing 1`] = `ShallowWrapper {}`;
